RUN	com.gatling.tests.RecordedSimulation1	recordedsimulation1	1740314223659	 	3.6.1
USER	RecordedSimulation1	START	1740314226294
REQUEST		Login Page	1740314226327	1740314232467	OK	 
REQUEST		favicon.ico?v=1721393199309	1740314232559	1740314232880	OK	 
REQUEST		app.css?v=1721393199309	1740314232561	1740314233805	OK	 
REQUEST		request_1	1740314232561	1740314234723	OK	 
REQUEST		app.js?v=1721393199309	1740314232561	1740314234901	OK	 
REQUEST		chunk-vendors.js?v=1721393199309	1740314232561	1740314236767	OK	 
REQUEST		chunk-vendors.css?v=1721393199309	1740314232560	1740314240761	OK	 
REQUEST		Login with Valid Credentials	1740314249785	1740314250182	OK	 
REQUEST		Login with Valid Credentials Redirect 1	1740314250186	1740314250592	OK	 
REQUEST		favicon.ico?v=1721393199309	1740314250613	1740314250897	OK	 
REQUEST		request_3	1740314250617	1740314250938	OK	 
REQUEST		app.css?v=1721393199309	1740314250615	1740314251208	OK	 
REQUEST		chunk-vendors.css?v=1721393199309	1740314250614	1740314251220	OK	 
REQUEST		request_4	1740314250898	1740314251223	KO	status.find.in(200,201,202,203,204,205,206,207,208,209,304), found 401
REQUEST		request_5	1740314250939	1740314251264	KO	status.find.in(200,201,202,203,204,205,206,207,208,209,304), found 401
REQUEST		request_6	1740314251211	1740314251533	KO	status.find.in(200,201,202,203,204,205,206,207,208,209,304), found 401
REQUEST		request_7	1740314251221	1740314251545	KO	status.find.in(200,201,202,203,204,205,206,207,208,209,304), found 401
REQUEST		request_8	1740314251226	1740314251559	OK	 
REQUEST		request_9	1740314251265	1740314251588	KO	status.find.in(200,201,202,203,204,205,206,207,208,209,304), found 401
REQUEST		request_10	1740314251533	1740314251847	OK	 
REQUEST		request_11	1740314251546	1740314251865	OK	 
REQUEST		request_8	1740314251560	1740314251889	OK	 
REQUEST		request_12	1740314251589	1740314251914	OK	 
REQUEST		app.js?v=1721393199309	1740314250616	1740314252129	OK	 
REQUEST		request_10	1740314251847	1740314252170	OK	 
REQUEST		request_11	1740314251866	1740314252197	OK	 
REQUEST		request_13	1740314251890	1740314252210	OK	 
REQUEST		request_12	1740314251915	1740314252251	OK	 
REQUEST		request_14	1740314252130	1740314252440	KO	status.find.in(200,201,202,203,204,205,206,207,208,209,304), found 401
REQUEST		request_15	1740314252171	1740314252494	KO	status.find.in(200,201,202,203,204,205,206,207,208,209,304), found 401
REQUEST		request_13	1740314252211	1740314252538	OK	 
REQUEST		Logout	1740314252198	1740314252548	OK	 
REQUEST		Logout	1740314252549	1740314252881	OK	 
REQUEST		chunk-vendors.js?v=1721393199309	1740314250615	1740314310616	KO	i.g.h.c.i.RequestTimeoutException: Request timeout to opensource-demo.orangehrmlive.com/34.205.40.6:443 after 60000 ms
USER	RecordedSimulation1	END	1740314310627
